// Jest Snapshot v1, https://goo.gl/fbAQLP

exports[`Template API should create a new app using a template 1`] = `
Object {
  "$created": "1970-01-01T00:00:00.000Z",
  "$updated": "1970-01-01T00:00:00.000Z",
  "OrganizationId": "testorganization",
  "definition": Object {
    "description": "This is a test app",
    "name": "Test app",
    "pages": Array [],
  },
  "domain": null,
  "iconUrl": "/api/apps/5/icon",
  "id": 5,
  "path": "test-app",
  "private": false,
  "yaml": "name: Test app
description: This is a test app
pages: []
",
}
`;
